=== attempt 1/8  2026-07-07 08:27:33 ===
[1/60] india_2017 (live) ...
    {'slug': 'india_2017', 'pages': 18, 'assets': 33, 'missing': 3, 'partial': False}
[2/60] eflba_2017 (live) ...
    {'slug': 'eflba_2017', 'pages': 12, 'assets': 29, 'missing': 3, 'partial': False}
[3/60] euc_2017 (live) ...
    {'slug': 'euc_2017', 'pages': 43, 'assets': 71, 'missing': 3, 'partial': False}
[4/60] rome_2017 (live) ...
    {'slug': 'rome_2017', 'pages': 11, 'assets': 27, 'missing': 3, 'partial': False}
[5/60] sfbay_2017 (live) ...
    {'slug': 'sfbay_2017', 'pages': 1, 'assets': 0, 'missing': 148, 'partial': True}
[6/60] berlin_2016 (live) ...
    {'slug': 'berlin_2016', 'pages': 11, 'assets': 26, 'missing': 3, 'partial': False}
[7/60] mexico_2016 (live) ...
    {'slug': 'mexico_2016', 'pages': 18, 'assets': 36, 'missing': 3, 'partial': False}
[8/60] euc_2016 (live) ...
    {'slug': 'euc_2016', 'pages': 55, 'assets': 87, 'missing': 3, 'partial': False}
[9/60] sfbay_2016 (live) ...
    {'slug': 'sfbay_2016', 'pages': 50, 'assets': 69, 'missing': 0, 'partial': False}
[10/60] brussels_2016 (live) ...
    {'slug': 'brussels_2016', 'pages': 7, 'assets': 24, 'missing': 3, 'partial': False}
[11/60] berlin_2015 (live) ...
    {'slug': 'berlin_2015', 'pages': 14, 'assets': 28, 'missing': 3, 'partial': False}
[12/60] mexico_2015 (live) ...
    {'slug': 'mexico_2015', 'pages': 10, 'assets': 28, 'missing': 3, 'partial': False}
[13/60] dublin_2015 (live) ...
    {'slug': 'dublin_2015', 'pages': 8, 'assets': 23, 'missing': 3, 'partial': False}
[14/60] euc_2015 (live) ...
    {'slug': 'euc_2015', 'pages': 55, 'assets': 84, 'missing': 3, 'partial': False}
[15/60] sfbay_2015 (live) ...
    {'slug': 'sfbay_2015', 'pages': 53, 'assets': 82, 'missing': 5, 'partial': False}
[16/60] berlin_2014 (live) ...
    {'slug': 'berlin_2014', 'pages': 15, 'assets': 34, 'missing': 3, 'partial': False}
[17/60] chicago_2014 (live) ...
    {'slug': 'chicago_2014', 'pages': 12, 'assets': 35, 'missing': 3, 'partial': False}
[18/60] euc_2014 (live) ...
    {'slug': 'euc_2014', 'pages': 61, 'assets': 99, 'missing': 3, 'partial': False}
[19/60] vancouver_2014 (live) ...
    {'slug': 'vancouver_2014', 'pages': 10, 'assets': 28, 'missing': 3, 'partial': False}
[20/60] zurich_2014 (live) ...
    {'slug': 'zurich_2014', 'pages': 9, 'assets': 24, 'missing': 3, 'partial': False}
[21/60] sfbay_2014 (live) ...
    {'slug': 'sfbay_2014', 'pages': 70, 'assets': 108, 'missing': 3, 'partial': False}
[22/60] sfbay_2013 (wayback) ...
    {'slug': 'sfbay_2013', 'pages': 93, 'assets': 161, 'missing': 10, 'partial': False}
[23/60] sfbay_2012 (wayback) ...
    {'slug': 'sfbay_2012', 'pages': 115, 'assets': 176, 'missing': 16, 'partial': False}
[24/60] sfbay_2011 (wayback) ...
    {'slug': 'sfbay_2011', 'pages': 72, 'assets': 127, 'missing': 8, 'partial': False}
[25/60] sfbay_2010 (wayback) ...
    {'slug': 'sfbay_2010', 'pages': 69, 'assets': 120, 'missing': 8, 'partial': False}
[26/60] sfbay_2009 (wayback) ...
Some characters could not be decoded, and were replaced with REPLACEMENT CHARACTER.
    {'slug': 'sfbay_2009', 'pages': 72, 'assets': 113, 'missing': 28, 'partial': False}
[27/60] euc_2013 (wayback) ...
Some characters could not be decoded, and were replaced with REPLACEMENT CHARACTER.
    {'slug': 'euc_2013', 'pages': 94, 'assets': 153, 'missing': 14, 'partial': False}
[28/60] euc_2012 (wayback) ...
Some characters could not be decoded, and were replaced with REPLACEMENT CHARACTER.
Some characters could not be decoded, and were replaced with REPLACEMENT CHARACTER.
    {'slug': 'euc_2012', 'pages': 82, 'assets': 128, 'missing': 16, 'partial': False}
[29/60] euc_2011 (wayback) ...
    {'slug': 'euc_2011', 'pages': 56, 'assets': 85, 'missing': 10, 'partial': False}
[30/60] euc_2010 (wayback) ...
Some characters could not be decoded, and were replaced with REPLACEMENT CHARACTER.
    {'slug': 'euc_2010', 'pages': 39, 'assets': 72, 'missing': 10, 'partial': False}
[31/60] euc_2009 (wayback) ...
    {'slug': 'euc_2009', 'pages': 39, 'assets': 80, 'missing': 10, 'partial': False}
[32/60] london_2009 (wayback) ...
    {'slug': 'london_2009', 'pages': 73, 'assets': 111, 'missing': 24, 'partial': False}
[33/60] london_2010 (wayback) ...
    {'slug': 'london_2010', 'pages': 75, 'assets': 117, 'missing': 20, 'partial': False}
[34/60] london_2011 (wayback) ...
    {'slug': 'london_2011', 'pages': 80, 'assets': 127, 'missing': 14, 'partial': False}
[35/60] london_2012 (wayback) ...
    {'slug': 'london_2012', 'pages': 26, 'assets': 57, 'missing': 2, 'partial': False}
[36/60] erlang_workshop_2009 (wayback) ...
    {'slug': 'erlang_workshop_2009', 'pages': 20, 'assets': 45, 'missing': 4, 'partial': False}
[37/60] testing_workshop_2010 (wayback) ...
    {'slug': 'testing_workshop_2010', 'pages': 17, 'assets': 30, 'missing': 2, 'partial': False}
[38/60] lite_paris_2011 (wayback) ...
    {'slug': 'lite_paris_2011', 'pages': 12, 'assets': 21, 'missing': 4, 'partial': False}
[39/60] lite_amsterdam (wayback) ...
    {'slug': 'lite_amsterdam', 'pages': 12, 'assets': 22, 'missing': 0, 'partial': False}
[40/60] lite_edinburgh_2011 (wayback) ...
    {'slug': 'lite_edinburgh_2011', 'pages': 10, 'assets': 23, 'missing': 0, 'partial': False}
[41/60] lite_brussels (wayback) ...
    {'slug': 'lite_brussels', 'pages': 13, 'assets': 24, 'missing': 0, 'partial': False}
[42/60] lite_standrews_2012 (wayback) ...
    {'slug': 'lite_standrews_2012', 'pages': 12, 'assets': 23, 'missing': 6, 'partial': False}
[43/60] lite_la_2010 (wayback) ...
    {'slug': 'lite_la_2010', 'pages': 14, 'assets': 30, 'missing': 0, 'partial': False}
[44/60] lite_munich (wayback) ...
    {'slug': 'lite_munich', 'pages': 11, 'assets': 25, 'missing': 2, 'partial': False}
[45/60] munich_2012 (wayback) ...
    {'slug': 'munich_2012', 'pages': 12, 'assets': 27, 'missing': 2, 'partial': False}
[46/60] lite_krakow_2010 (wayback) ...
    {'slug': 'lite_krakow_2010', 'pages': 14, 'assets': 30, 'missing': 0, 'partial': False}
[47/60] krakow_2011 (wayback) ...
    {'slug': 'krakow_2011', 'pages': 13, 'assets': 24, 'missing': 6, 'partial': False}
[48/60] krakow_2013 (wayback) ...
    {'slug': 'krakow_2013', 'pages': 14, 'assets': 24, 'missing': 2, 'partial': False}
[49/60] brisbane_2011 (wayback) ...
    {'slug': 'brisbane_2011', 'pages': 13, 'assets': 20, 'missing': 2, 'partial': False}
[50/60] moscow_2012 (wayback) ...
    {'slug': 'moscow_2012', 'pages': 15, 'assets': 29, 'missing': 8, 'partial': False}
[51/60] vancouver_2012 (wayback) ...
    {'slug': 'vancouver_2012', 'pages': 17, 'assets': 36, 'missing': 4, 'partial': False}
[52/60] zurich_2012 (wayback) ...
    {'slug': 'zurich_2012', 'pages': 10, 'assets': 21, 'missing': 6, 'partial': False}
[53/60] berlin_2013 (wayback) ...
    {'slug': 'berlin_2013', 'pages': 21, 'assets': 44, 'missing': 2, 'partial': False}
[54/60] chicago_2013 (wayback) ...
    {'slug': 'chicago_2013', 'pages': 20, 'assets': 34, 'missing': 14, 'partial': False}
[55/60] toronto_2013 (wayback) ...
    {'slug': 'toronto_2013', 'pages': 14, 'assets': 31, 'missing': 0, 'partial': False}
[56/60] telaviv_2013 (wayback) ...
    {'slug': 'telaviv_2013', 'pages': 15, 'assets': 34, 'missing': 0, 'partial': False}
[57/60] budapest_2013 (wayback) ...
    {'slug': 'budapest_2013', 'pages': 19, 'assets': 44, 'missing': 2, 'partial': False}
[58/60] dublin_2013 (wayback) ...
    {'slug': 'dublin_2013', 'pages': 11, 'assets': 23, 'missing': 4, 'partial': False}
[59/60] nyc_2013 (wayback) ...
    {'slug': 'nyc_2013', 'pages': 18, 'assets': 43, 'missing': 0, 'partial': False}
[60/60] paris_2012 (wayback) ...
    {'slug': 'paris_2012', 'pages': 19, 'assets': 42, 'missing': 2, 'partial': False}

done: 60 editions, 0 errored
=== SUCCESS 2026-07-07 17:22:36 ===
